cargo :    Compiling 
aura-integration-tests 
v0.1.0 
(C:\Users\acer\Desktop\AURA 
L1\tests)
At line:1 char:1
+ cargo test --no-run > 
build_error.log 2>&1
+ ~~~~~~~~~~~~~~~~~~~~~~~~~~
~~~~~~~~~~~~~~~~
    + CategoryInfo          
    : NotSpecified: (   Co  
  mpiling au...\AURA L1\t   
 ests):String) [], Remot    
eException
    + FullyQualifiedErrorId 
    : NativeCommandError
 
   Compiling aura-node 
v0.1.0 
(C:\Users\acer\Desktop\AURA 
L1\node)
   Compiling aura-runtime 
v0.1.0 
(C:\Users\acer\Desktop\AURA 
L1\runtime)
   Compiling aura-consensus 
v0.1.0 
(C:\Users\acer\Desktop\AURA 
L1\consensus)
error: this arithmetic 
operation will overflow
  --> tests\integration_test
s.rs:26:62
   |
26 |     assert_eq!(executor
.state().get_balance(&from).
unwrap(), 10000 - 100 - 
21000);
   |                        
                            
          
^^^^^^^^^^^^^^^^^^^ attempt 
to compute `9900_u64 - 
21000_u64`, which would 
overflow
   |
   = note: `#[deny(arithmeti
c_overflow)]` on by default

error: could not compile 
`aura-integration-tests` 
(test "integration_tests") 
due to 1 previous error
warning: build failed, 
waiting for other jobs to 
finish...
error: this arithmetic 
operation will overflow
   --> runtime\src\executor.
rs:127:64
    |
127 |         assert_eq!(exe
cutor.state.get_balance(&fro
m).unwrap(), 1000 - 100 - 
21000);
    |                       
                            
             
^^^^^^^^^^^^^^^^^^ attempt 
to compute `900_u64 - 
21000_u64`, which would 
overflow
    |
    = note: `#[deny(arithmet
ic_overflow)]` on by default

error: could not compile 
`aura-runtime` (lib test) 
due to 1 previous error
